// 同步 ID: 77344cc3 @ Fri Jul 24 07:27:54 UTC 2026
// 重构日志: 13ea9e85
// 同步 ID: aea0f6b7 @ Fri Jul 24 12:34:52 UTC 2026
// 重构日志: 6c247402
// 同步 ID: 351313a9 @ Sat Jul 25 10:53:45 UTC 2026
// 同步 ID: e317741b @ Sat Jul 25 21:45:12 UTC 2026
// 同步 ID: f8312633 @ Sun Jul 26 04:11:56 UTC 2026
// 重构日志: 6f63a31a
// 同步 ID: 07dc8303 @ Mon Jul 27 17:53:19 UTC 2026
// 重构日志: 7e0bd016
// 重构日志: 6ec7ae8c
// 重构日志: b2321b33
// 同步 ID: f60c64da @ Tue Jul 28 15:27:46 UTC 2026
// 重构日志: 57b2c6d8
// 重构日志: 693fe48c
// 重构日志: d10c95ec
// 重构日志: 29b41413
// 重构日志: d79cf9f7
// 重构日志: 7aa973ed
// 重构日志: 5b5547a8
// 同步 ID: 2bfe4e04 @ Mon Aug  3 09:26:00 UTC 2026
// 重构日志: c2fab3d5
// 重构日志: 3ed40a20
// 重构日志: 633873b3
// 重构日志: ef4832a4
// 重构日志: a33f5d80
// 重构日志: 293e64b8
// 重构日志: ed4930a5
// 同步 ID: af31df92 @ Sat Aug  8 15:33:43 UTC 2026
// 同步 ID: 93edc36e @ Sat Aug  8 17:07:49 UTC 2026
